2025-09-01 13:08:55,132 - models.image_pipeline - INFO - Réduction de dimension: pca (n_components=0.9)
2025-09-01 13:49:47,861 - models.image_pipeline - INFO - Réduction de dimension: truncated_svd (n_components=200)
2025-09-01 14:26:11,915 - models.image_pipeline - INFO - Réduction de dimension: truncated_svd (n_components=500)
2025-09-01 14:32:13,538 - __main__ - INFO - Démarrage validation croisée...
2025-09-01 14:32:13,557 - __main__ - INFO - Fold 1/3
2025-09-01 14:32:13,587 - __main__ - INFO - Distribution classes fold 1: prdtypecode
2583    6806
1560    3382
1300    3363
2060    3328
2522    3326
1280    3247
2403    3183
2280    3173
1920    2869
1160    2636
1320    2161
10      2077
2705    1840
1140    1780
2582    1726
40      1672
2585    1664
1302    1660
1281    1380
50      1121
2462     947
2905     581
60       555
2220     550
1301     538
1940     535
1180     510
Name: count, dtype: int64
2025-09-01 14:32:13,589 - __main__ - INFO - Fold 2/3
2025-09-01 14:32:13,597 - __main__ - INFO - Distribution classes fold 2: prdtypecode
2583    6806
1560    3382
1300    3363
2060    3329
2522    3326
1280    3247
2403    3183
2280    3174
1920    2868
1160    2635
1320    2161
10      2077
2705    1841
1140    1781
2582    1726
40      1672
2585    1664
1302    1661
1281    1380
50      1120
2462     948
2905     581
60       554
2220     549
1301     538
1940     536
1180     509
Name: count, dtype: int64
2025-09-01 14:32:13,599 - __main__ - INFO - Fold 3/3
2025-09-01 14:32:13,606 - __main__ - INFO - Distribution classes fold 3: prdtypecode
2583    6806
1560    3382
1300    3364
2060    3329
2522    3326
1280    3246
2403    3182
2280    3173
1920    2869
1160    2635
1320    2160
10      2078
2705    1841
1140    1781
2582    1726
40      1672
2585    1664
1302    1661
1281    1380
50      1121
2462     947
2905     582
60       555
2220     549
1301     538
1940     535
1180     509
Name: count, dtype: int64
2025-09-01 15:50:02,294 - __main__ - INFO - Évaluation baseline b2...
2025-09-01 15:50:02,294 - models.text_pipeline - INFO - Construction du pipeline depuis la configuration...
2025-09-01 15:50:02,294 - models.text_pipeline - INFO - Création du pipeline textuel...
2025-09-01 15:50:02,294 - models.text_pipeline - INFO - Ajout du pipeline de caractères...
2025-09-01 15:50:02,294 - models.text_pipeline - INFO - Application des poids: {'tfidf_word': 1.0, 'tfidf_char': 0.4, 'text_stats': 0.3, 'language': 0.2}
2025-09-01 15:50:09,534 - __main__ - INFO - Évaluation baseline b2...
2025-09-01 15:50:09,534 - models.text_pipeline - INFO - Construction du pipeline depuis la configuration...
2025-09-01 15:50:09,534 - models.text_pipeline - INFO - Création du pipeline textuel...
2025-09-01 15:50:09,534 - models.text_pipeline - INFO - Ajout du pipeline de caractères...
2025-09-01 15:50:09,534 - models.text_pipeline - INFO - Application des poids: {'tfidf_word': 1.0, 'tfidf_char': 0.4, 'text_stats': 0.3, 'language': 0.2}
2025-09-01 16:23:45,604 - __main__ - INFO - Évaluation baseline b2...
2025-09-01 16:23:45,604 - models.text_pipeline - INFO - Construction du pipeline depuis la configuration...
2025-09-01 16:23:45,604 - models.text_pipeline - INFO - Création du pipeline textuel...
2025-09-01 16:23:45,604 - models.text_pipeline - INFO - Ajout du pipeline de caractères...
2025-09-01 16:23:45,604 - models.text_pipeline - INFO - Application des poids: {'tfidf_word': 1.0, 'tfidf_char': 0.4, 'text_stats': 0.3, 'language': 0.2}
2025-09-01 16:31:17,094 - __main__ - INFO - Évaluation baseline b2...
2025-09-01 16:31:17,094 - models.text_pipeline - INFO - Construction du pipeline depuis la configuration...
2025-09-01 16:31:17,094 - models.text_pipeline - INFO - Création du pipeline textuel...
2025-09-01 16:31:17,094 - models.text_pipeline - INFO - Ajout du pipeline de caractères...
2025-09-01 16:31:17,094 - models.text_pipeline - INFO - Application des poids (config): {'tfidf_word': 1.0, 'tfidf_char': 0.4, 'text_stats': 0.3, 'language': 0.2}
2025-09-01 16:31:17,121 - features.text_cleaner - INFO - Fitting TextCleaner with parameters: stem=True, clean_special=True, langs=('french', 'english', 'german')
2025-09-01 16:36:34,036 - __main__ - INFO - Évaluation baseline b3...
2025-09-01 16:36:34,036 - __main__ - INFO - Construction pipeline baseline B3 (images)...
2025-09-01 16:36:34,036 - models.image_pipeline - INFO - Configuration réduction de dimension: truncated_svd (500 composantes)
2025-09-02 09:17:13,000 - __main__ - INFO - Évaluation baseline b3...
2025-09-02 09:17:13,012 - __main__ - INFO - Construction pipeline baseline B3 (images)...
2025-09-02 09:17:13,013 - models.image_pipeline - INFO - Configuration réduction de dimension: truncated_svd (500 composantes)
2025-09-02 10:10:21,842 - __main__ - INFO - Démarrage validation croisée...
2025-09-02 10:10:21,860 - __main__ - INFO - Fold 1/3
2025-09-02 10:10:22,001 - __main__ - INFO - Distribution classes fold 1: prdtypecode
2583    6806
1560    3382
1300    3363
2060    3328
2522    3326
1280    3247
2403    3183
2280    3173
1920    2869
1160    2636
1320    2161
10      2077
2705    1840
1140    1780
2582    1726
40      1672
2585    1664
1302    1660
1281    1380
50      1121
2462     947
2905     581
60       555
2220     550
1301     538
1940     535
1180     510
Name: count, dtype: int64
2025-09-02 10:10:22,001 - __main__ - INFO - Fold 2/3
2025-09-02 10:10:22,017 - __main__ - INFO - Distribution classes fold 2: prdtypecode
2583    6806
1560    3382
1300    3363
2060    3329
2522    3326
1280    3247
2403    3183
2280    3174
1920    2868
1160    2635
1320    2161
10      2077
2705    1841
1140    1781
2582    1726
40      1672
2585    1664
1302    1661
1281    1380
50      1120
2462     948
2905     581
60       554
2220     549
1301     538
1940     536
1180     509
Name: count, dtype: int64
2025-09-02 10:10:22,017 - __main__ - INFO - Fold 3/3
2025-09-02 10:10:22,027 - __main__ - INFO - Distribution classes fold 3: prdtypecode
2583    6806
1560    3382
1300    3364
2060    3329
2522    3326
1280    3246
2403    3182
2280    3173
1920    2869
1160    2635
1320    2160
10      2078
2705    1841
1140    1781
2582    1726
40      1672
2585    1664
1302    1661
1281    1380
50      1121
2462     947
2905     582
60       555
2220     549
1301     538
1940     535
1180     509
Name: count, dtype: int64
2025-09-02 10:10:22,028 - __main__ - INFO - Exécution diagnostics baseline B3...
2025-09-02 10:10:25,730 - __main__ - INFO - Exécution diagnostics pipeline...
2025-09-02 10:10:27,381 - __main__ - INFO - Diagnostics sauvegardés: results\diagnostics_b3.json
2025-09-02 10:37:49,035 - __main__ - INFO - Évaluation baseline b2...
2025-09-02 10:37:49,036 - models.text_pipeline - INFO - Construction du pipeline depuis la configuration...
2025-09-02 10:37:49,036 - models.text_pipeline - INFO - Création du pipeline textuel...
2025-09-02 10:37:49,036 - models.text_pipeline - INFO - Ajout du pipeline de caractères...
2025-09-02 10:37:49,036 - models.text_pipeline - INFO - Application des poids (config): {'tfidf_word': 1.0, 'tfidf_char': 0.4}
2025-09-02 10:41:17,483 - __main__ - INFO - Évaluation baseline b2...
2025-09-02 10:41:17,483 - models.text_pipeline - INFO - Construction du pipeline depuis la configuration...
2025-09-02 10:41:17,483 - models.text_pipeline - INFO - Création du pipeline textuel...
2025-09-02 10:41:17,483 - models.text_pipeline - INFO - Ajout du pipeline de caractères...
2025-09-02 10:41:17,483 - models.text_pipeline - INFO - Application des poids (config): {'tfidf_word': 1.0, 'tfidf_char': 0.4}
2025-09-02 10:41:17,511 - features.text_cleaner - INFO - Fitting TextCleaner with parameters: stem=True, clean_special=True, langs=('french', 'english', 'german')
2025-09-02 10:44:40,879 - features.text_cleaner - INFO - Fitting TextCleaner with parameters: stem=False, clean_special=True, langs=('french', 'english', 'german')
2025-09-02 11:30:27,313 - features.text_cleaner - INFO - Fitting TextCleaner with parameters: stem=True, clean_special=True, langs=('french', 'english', 'german')
2025-09-02 11:34:13,455 - features.text_cleaner - INFO - Fitting TextCleaner with parameters: stem=False, clean_special=True, langs=('french', 'english', 'german')
2025-09-02 12:16:53,172 - features.text_cleaner - INFO - Fitting TextCleaner with parameters: stem=True, clean_special=True, langs=('french', 'english', 'german')
2025-09-02 12:20:28,752 - features.text_cleaner - INFO - Fitting TextCleaner with parameters: stem=False, clean_special=True, langs=('french', 'english', 'german')
2025-09-02 13:02:51,665 - __main__ - INFO - Démarrage validation croisée...
2025-09-02 13:02:51,677 - __main__ - INFO - Fold 1/3
2025-09-02 13:02:51,683 - __main__ - INFO - Distribution classes fold 1: prdtypecode
2583    6806
1560    3382
1300    3363
2060    3328
2522    3326
1280    3247
2403    3183
2280    3173
1920    2869
1160    2636
1320    2161
10      2077
2705    1840
1140    1780
2582    1726
40      1672
2585    1664
1302    1660
1281    1380
50      1121
2462     947
2905     581
60       555
2220     550
1301     538
1940     535
1180     510
Name: count, dtype: int64
2025-09-02 13:02:51,684 - __main__ - INFO - Fold 2/3
2025-09-02 13:02:51,684 - __main__ - INFO - Distribution classes fold 2: prdtypecode
2583    6806
1560    3382
1300    3363
2060    3329
2522    3326
1280    3247
2403    3183
2280    3174
1920    2868
1160    2635
1320    2161
10      2077
2705    1841
1140    1781
2582    1726
40      1672
2585    1664
1302    1661
1281    1380
50      1120
2462     948
2905     581
60       554
2220     549
1301     538
1940     536
1180     509
Name: count, dtype: int64
2025-09-02 13:02:51,684 - __main__ - INFO - Fold 3/3
2025-09-02 13:02:51,694 - __main__ - INFO - Distribution classes fold 3: prdtypecode
2583    6806
1560    3382
1300    3364
2060    3329
2522    3326
1280    3246
2403    3182
2280    3173
1920    2869
1160    2635
1320    2160
10      2078
2705    1841
1140    1781
2582    1726
40      1672
2585    1664
1302    1661
1281    1380
50      1121
2462     947
2905     582
60       555
2220     549
1301     538
1940     535
1180     509
Name: count, dtype: int64
2025-09-02 13:35:53,753 - __main__ - INFO - Évaluation baseline b0...
2025-09-02 13:35:53,767 - __main__ - INFO - Fold 1/3 | train=56610 val=28306
2025-09-02 13:35:53,769 - __main__ - INFO - Classes train: {2583: 6806, 1560: 3382, 1300: 3363, 2060: 3328, 2522: 3326, 1280: 3247, 2403: 3183, 2280: 3173, 1920: 2869, 1160: 2636, 1320: 2161, 10: 2077, 2705: 1840, 1140: 1780, 2582: 1726, 40: 1672, 2585: 1664, 1302: 1660, 1281: 1380, 50: 1121, 2462: 947, 2905: 581, 60: 555, 2220: 550, 1301: 538, 1940: 535, 1180: 510}
2025-09-02 13:35:53,769 - __main__ - INFO - Classes val  : {2583: 3403, 1560: 1691, 1300: 1682, 2060: 1665, 2522: 1663, 1280: 1623, 2403: 1591, 2280: 1587, 1920: 1434, 1160: 1317, 1320: 1080, 10: 1039, 2705: 921, 1140: 891, 2582: 863, 40: 836, 2585: 832, 1302: 831, 1281: 690, 50: 560, 2462: 474, 2905: 291, 60: 277, 2220: 274, 1301: 269, 1940: 268, 1180: 254}
2025-09-02 13:35:53,776 - __main__ - INFO - Fold 2/3 | train=56611 val=28305
2025-09-02 13:35:53,777 - __main__ - INFO - Classes train: {2583: 6806, 1560: 3382, 1300: 3363, 2060: 3329, 2522: 3326, 1280: 3247, 2403: 3183, 2280: 3174, 1920: 2868, 1160: 2635, 1320: 2161, 10: 2077, 2705: 1841, 1140: 1781, 2582: 1726, 40: 1672, 2585: 1664, 1302: 1661, 1281: 1380, 50: 1120, 2462: 948, 2905: 581, 60: 554, 2220: 549, 1301: 538, 1940: 536, 1180: 509}
2025-09-02 13:35:53,777 - __main__ - INFO - Classes val  : {2583: 3403, 1560: 1691, 1300: 1682, 2060: 1664, 2522: 1663, 1280: 1623, 2403: 1591, 2280: 1586, 1920: 1435, 1160: 1318, 1320: 1080, 10: 1039, 2705: 920, 1140: 890, 2582: 863, 40: 836, 2585: 832, 1302: 830, 1281: 690, 50: 561, 2462: 473, 2905: 291, 60: 278, 2220: 275, 1301: 269, 1940: 267, 1180: 255}
2025-09-02 13:35:53,784 - __main__ - INFO - Fold 3/3 | train=56611 val=28305
2025-09-02 13:35:53,785 - __main__ - INFO - Classes train: {2583: 6806, 1560: 3382, 1300: 3364, 2060: 3329, 2522: 3326, 1280: 3246, 2403: 3182, 2280: 3173, 1920: 2869, 1160: 2635, 1320: 2160, 10: 2078, 2705: 1841, 1140: 1781, 2582: 1726, 40: 1672, 2585: 1664, 1302: 1661, 1281: 1380, 50: 1121, 2462: 947, 2905: 582, 60: 555, 2220: 549, 1301: 538, 1940: 535, 1180: 509}
2025-09-02 13:35:53,786 - __main__ - INFO - Classes val  : {2583: 3403, 1560: 1691, 1300: 1681, 2060: 1664, 2522: 1663, 1280: 1624, 2403: 1592, 2280: 1587, 1920: 1434, 1160: 1318, 1320: 1081, 10: 1038, 2705: 920, 1140: 890, 2582: 863, 40: 836, 2585: 832, 1302: 830, 1281: 690, 50: 560, 2462: 474, 2905: 290, 60: 277, 2220: 275, 1301: 269, 1940: 268, 1180: 255}
2025-09-02 13:35:53,829 - __main__ - INFO - Démarrage validation croisée...
2025-09-02 13:35:53,833 - __main__ - INFO - Fold 1/3 | train=56610 val=28306
2025-09-02 13:35:53,833 - __main__ - INFO - Classes train: {2583: 6806, 1560: 3382, 1300: 3363, 2060: 3328, 2522: 3326, 1280: 3247, 2403: 3183, 2280: 3173, 1920: 2869, 1160: 2636, 1320: 2161, 10: 2077, 2705: 1840, 1140: 1780, 2582: 1726, 40: 1672, 2585: 1664, 1302: 1660, 1281: 1380, 50: 1121, 2462: 947, 2905: 581, 60: 555, 2220: 550, 1301: 538, 1940: 535, 1180: 510}
2025-09-02 13:35:53,841 - __main__ - INFO - Classes val  : {2583: 3403, 1560: 1691, 1300: 1682, 2060: 1665, 2522: 1663, 1280: 1623, 2403: 1591, 2280: 1587, 1920: 1434, 1160: 1317, 1320: 1080, 10: 1039, 2705: 921, 1140: 891, 2582: 863, 40: 836, 2585: 832, 1302: 831, 1281: 690, 50: 560, 2462: 474, 2905: 291, 60: 277, 2220: 274, 1301: 269, 1940: 268, 1180: 254}
2025-09-02 13:35:53,844 - __main__ - INFO - Distribution classes fold 2: prdtypecode
2583    6806
1560    3382
1300    3363
2060    3328
2522    3326
1280    3247
2403    3183
2280    3173
1920    2869
1160    2636
1320    2161
10      2077
2705    1840
1140    1780
2582    1726
40      1672
2585    1664
1302    1660
1281    1380
50      1121
2462     947
2905     581
60       555
2220     550
1301     538
1940     535
1180     510
Name: count, dtype: int64
2025-09-02 13:35:53,845 - __main__ - INFO - Fold 2/3 | train=56611 val=28305
2025-09-02 13:35:53,846 - __main__ - INFO - Classes train: {2583: 6806, 1560: 3382, 1300: 3363, 2060: 3329, 2522: 3326, 1280: 3247, 2403: 3183, 2280: 3174, 1920: 2868, 1160: 2635, 1320: 2161, 10: 2077, 2705: 1841, 1140: 1781, 2582: 1726, 40: 1672, 2585: 1664, 1302: 1661, 1281: 1380, 50: 1120, 2462: 948, 2905: 581, 60: 554, 2220: 549, 1301: 538, 1940: 536, 1180: 509}
2025-09-02 13:35:53,846 - __main__ - INFO - Classes val  : {2583: 3403, 1560: 1691, 1300: 1682, 2060: 1664, 2522: 1663, 1280: 1623, 2403: 1591, 2280: 1586, 1920: 1435, 1160: 1318, 1320: 1080, 10: 1039, 2705: 920, 1140: 890, 2582: 863, 40: 836, 2585: 832, 1302: 830, 1281: 690, 50: 561, 2462: 473, 2905: 291, 60: 278, 2220: 275, 1301: 269, 1940: 267, 1180: 255}
2025-09-02 13:35:53,851 - __main__ - INFO - Distribution classes fold 3: prdtypecode
2583    6806
1560    3382
1300    3363
2060    3329
2522    3326
1280    3247
2403    3183
2280    3174
1920    2868
1160    2635
1320    2161
10      2077
2705    1841
1140    1781
2582    1726
40      1672
2585    1664
1302    1661
1281    1380
50      1120
2462     948
2905     581
60       554
2220     549
1301     538
1940     536
1180     509
Name: count, dtype: int64
2025-09-02 13:35:53,852 - __main__ - INFO - Fold 3/3 | train=56611 val=28305
2025-09-02 13:35:53,852 - __main__ - INFO - Classes train: {2583: 6806, 1560: 3382, 1300: 3364, 2060: 3329, 2522: 3326, 1280: 3246, 2403: 3182, 2280: 3173, 1920: 2869, 1160: 2635, 1320: 2160, 10: 2078, 2705: 1841, 1140: 1781, 2582: 1726, 40: 1672, 2585: 1664, 1302: 1661, 1281: 1380, 50: 1121, 2462: 947, 2905: 582, 60: 555, 2220: 549, 1301: 538, 1940: 535, 1180: 509}
2025-09-02 13:35:53,852 - __main__ - INFO - Classes val  : {2583: 3403, 1560: 1691, 1300: 1681, 2060: 1664, 2522: 1663, 1280: 1624, 2403: 1592, 2280: 1587, 1920: 1434, 1160: 1318, 1320: 1081, 10: 1038, 2705: 920, 1140: 890, 2582: 863, 40: 836, 2585: 832, 1302: 830, 1281: 690, 50: 560, 2462: 474, 2905: 290, 60: 277, 2220: 275, 1301: 269, 1940: 268, 1180: 255}
2025-09-02 13:35:53,854 - __main__ - INFO - Distribution classes fold 4: prdtypecode
2583    6806
1560    3382
1300    3364
2060    3329
2522    3326
1280    3246
2403    3182
2280    3173
1920    2869
1160    2635
1320    2160
10      2078
2705    1841
1140    1781
2582    1726
40      1672
2585    1664
1302    1661
1281    1380
50      1121
2462     947
2905     582
60       555
2220     549
1301     538
1940     535
1180     509
Name: count, dtype: int64
2025-09-02 13:36:06,773 - __main__ - INFO - Évaluation baseline b1...
2025-09-02 13:36:06,776 - __main__ - INFO - Fold 1/3 | train=56610 val=28306
2025-09-02 13:36:06,788 - __main__ - INFO - Classes train: {2583: 6806, 1560: 3382, 1300: 3363, 2060: 3328, 2522: 3326, 1280: 3247, 2403: 3183, 2280: 3173, 1920: 2869, 1160: 2636, 1320: 2161, 10: 2077, 2705: 1840, 1140: 1780, 2582: 1726, 40: 1672, 2585: 1664, 1302: 1660, 1281: 1380, 50: 1121, 2462: 947, 2905: 581, 60: 555, 2220: 550, 1301: 538, 1940: 535, 1180: 510}
2025-09-02 13:36:06,788 - __main__ - INFO - Classes val  : {2583: 3403, 1560: 1691, 1300: 1682, 2060: 1665, 2522: 1663, 1280: 1623, 2403: 1591, 2280: 1587, 1920: 1434, 1160: 1317, 1320: 1080, 10: 1039, 2705: 921, 1140: 891, 2582: 863, 40: 836, 2585: 832, 1302: 831, 1281: 690, 50: 560, 2462: 474, 2905: 291, 60: 277, 2220: 274, 1301: 269, 1940: 268, 1180: 254}
2025-09-02 13:36:06,803 - __main__ - INFO - Fold 2/3 | train=56611 val=28305
2025-09-02 13:36:06,803 - __main__ - INFO - Classes train: {2583: 6806, 1560: 3382, 1300: 3363, 2060: 3329, 2522: 3326, 1280: 3247, 2403: 3183, 2280: 3174, 1920: 2868, 1160: 2635, 1320: 2161, 10: 2077, 2705: 1841, 1140: 1781, 2582: 1726, 40: 1672, 2585: 1664, 1302: 1661, 1281: 1380, 50: 1120, 2462: 948, 2905: 581, 60: 554, 2220: 549, 1301: 538, 1940: 536, 1180: 509}
2025-09-02 13:36:06,803 - __main__ - INFO - Classes val  : {2583: 3403, 1560: 1691, 1300: 1682, 2060: 1664, 2522: 1663, 1280: 1623, 2403: 1591, 2280: 1586, 1920: 1435, 1160: 1318, 1320: 1080, 10: 1039, 2705: 920, 1140: 890, 2582: 863, 40: 836, 2585: 832, 1302: 830, 1281: 690, 50: 561, 2462: 473, 2905: 291, 60: 278, 2220: 275, 1301: 269, 1940: 267, 1180: 255}
2025-09-02 13:36:06,820 - __main__ - INFO - Fold 3/3 | train=56611 val=28305
2025-09-02 13:36:06,820 - __main__ - INFO - Classes train: {2583: 6806, 1560: 3382, 1300: 3364, 2060: 3329, 2522: 3326, 1280: 3246, 2403: 3182, 2280: 3173, 1920: 2869, 1160: 2635, 1320: 2160, 10: 2078, 2705: 1841, 1140: 1781, 2582: 1726, 40: 1672, 2585: 1664, 1302: 1661, 1281: 1380, 50: 1121, 2462: 947, 2905: 582, 60: 555, 2220: 549, 1301: 538, 1940: 535, 1180: 509}
2025-09-02 13:36:06,823 - __main__ - INFO - Classes val  : {2583: 3403, 1560: 1691, 1300: 1681, 2060: 1664, 2522: 1663, 1280: 1624, 2403: 1592, 2280: 1587, 1920: 1434, 1160: 1318, 1320: 1081, 10: 1038, 2705: 920, 1140: 890, 2582: 863, 40: 836, 2585: 832, 1302: 830, 1281: 690, 50: 560, 2462: 474, 2905: 290, 60: 277, 2220: 275, 1301: 269, 1940: 268, 1180: 255}
2025-09-02 13:36:06,878 - __main__ - INFO - Démarrage validation croisée...
2025-09-02 13:36:06,892 - __main__ - INFO - Fold 1/3 | train=56610 val=28306
2025-09-02 13:36:06,893 - __main__ - INFO - Classes train: {2583: 6806, 1560: 3382, 1300: 3363, 2060: 3328, 2522: 3326, 1280: 3247, 2403: 3183, 2280: 3173, 1920: 2869, 1160: 2636, 1320: 2161, 10: 2077, 2705: 1840, 1140: 1780, 2582: 1726, 40: 1672, 2585: 1664, 1302: 1660, 1281: 1380, 50: 1121, 2462: 947, 2905: 581, 60: 555, 2220: 550, 1301: 538, 1940: 535, 1180: 510}
2025-09-02 13:36:06,894 - __main__ - INFO - Classes val  : {2583: 3403, 1560: 1691, 1300: 1682, 2060: 1665, 2522: 1663, 1280: 1623, 2403: 1591, 2280: 1587, 1920: 1434, 1160: 1317, 1320: 1080, 10: 1039, 2705: 921, 1140: 891, 2582: 863, 40: 836, 2585: 832, 1302: 831, 1281: 690, 50: 560, 2462: 474, 2905: 291, 60: 277, 2220: 274, 1301: 269, 1940: 268, 1180: 254}
2025-09-02 13:36:06,897 - __main__ - INFO - Distribution classes fold 2: prdtypecode
2583    6806
1560    3382
1300    3363
2060    3328
2522    3326
1280    3247
2403    3183
2280    3173
1920    2869
1160    2636
1320    2161
10      2077
2705    1840
1140    1780
2582    1726
40      1672
2585    1664
1302    1660
1281    1380
50      1121
2462     947
2905     581
60       555
2220     550
1301     538
1940     535
1180     510
Name: count, dtype: int64
2025-09-02 13:36:06,898 - __main__ - INFO - Fold 2/3 | train=56611 val=28305
2025-09-02 13:36:06,899 - __main__ - INFO - Classes train: {2583: 6806, 1560: 3382, 1300: 3363, 2060: 3329, 2522: 3326, 1280: 3247, 2403: 3183, 2280: 3174, 1920: 2868, 1160: 2635, 1320: 2161, 10: 2077, 2705: 1841, 1140: 1781, 2582: 1726, 40: 1672, 2585: 1664, 1302: 1661, 1281: 1380, 50: 1120, 2462: 948, 2905: 581, 60: 554, 2220: 549, 1301: 538, 1940: 536, 1180: 509}
2025-09-02 13:36:06,899 - __main__ - INFO - Classes val  : {2583: 3403, 1560: 1691, 1300: 1682, 2060: 1664, 2522: 1663, 1280: 1623, 2403: 1591, 2280: 1586, 1920: 1435, 1160: 1318, 1320: 1080, 10: 1039, 2705: 920, 1140: 890, 2582: 863, 40: 836, 2585: 832, 1302: 830, 1281: 690, 50: 561, 2462: 473, 2905: 291, 60: 278, 2220: 275, 1301: 269, 1940: 267, 1180: 255}
2025-09-02 13:36:06,899 - __main__ - INFO - Distribution classes fold 3: prdtypecode
2583    6806
1560    3382
1300    3363
2060    3329
2522    3326
1280    3247
2403    3183
2280    3174
1920    2868
1160    2635
1320    2161
10      2077
2705    1841
1140    1781
2582    1726
40      1672
2585    1664
1302    1661
1281    1380
50      1120
2462     948
2905     581
60       554
2220     549
1301     538
1940     536
1180     509
Name: count, dtype: int64
2025-09-02 13:36:06,899 - __main__ - INFO - Fold 3/3 | train=56611 val=28305
2025-09-02 13:36:06,905 - __main__ - INFO - Classes train: {2583: 6806, 1560: 3382, 1300: 3364, 2060: 3329, 2522: 3326, 1280: 3246, 2403: 3182, 2280: 3173, 1920: 2869, 1160: 2635, 1320: 2160, 10: 2078, 2705: 1841, 1140: 1781, 2582: 1726, 40: 1672, 2585: 1664, 1302: 1661, 1281: 1380, 50: 1121, 2462: 947, 2905: 582, 60: 555, 2220: 549, 1301: 538, 1940: 535, 1180: 509}
2025-09-02 13:36:06,906 - __main__ - INFO - Classes val  : {2583: 3403, 1560: 1691, 1300: 1681, 2060: 1664, 2522: 1663, 1280: 1624, 2403: 1592, 2280: 1587, 1920: 1434, 1160: 1318, 1320: 1081, 10: 1038, 2705: 920, 1140: 890, 2582: 863, 40: 836, 2585: 832, 1302: 830, 1281: 690, 50: 560, 2462: 474, 2905: 290, 60: 277, 2220: 275, 1301: 269, 1940: 268, 1180: 255}
2025-09-02 13:36:06,909 - __main__ - INFO - Distribution classes fold 4: prdtypecode
2583    6806
1560    3382
1300    3364
2060    3329
2522    3326
1280    3246
2403    3182
2280    3173
1920    2869
1160    2635
1320    2160
10      2078
2705    1841
1140    1781
2582    1726
40      1672
2585    1664
1302    1661
1281    1380
50      1121
2462     947
2905     582
60       555
2220     549
1301     538
1940     535
1180     509
Name: count, dtype: int64
2025-09-02 13:36:40,284 - __main__ - INFO - Évaluation baseline b3...
2025-09-02 13:36:40,284 - models.image_pipeline - INFO - Configuration réduction de dimension: pca (400 composantes)
2025-09-02 13:36:40,305 - __main__ - INFO - Fold 1/3 | train=56610 val=28306
2025-09-02 13:36:40,305 - __main__ - INFO - Classes train: {2583: 6806, 1560: 3382, 1300: 3363, 2060: 3328, 2522: 3326, 1280: 3247, 2403: 3183, 2280: 3173, 1920: 2869, 1160: 2636, 1320: 2161, 10: 2077, 2705: 1840, 1140: 1780, 2582: 1726, 40: 1672, 2585: 1664, 1302: 1660, 1281: 1380, 50: 1121, 2462: 947, 2905: 581, 60: 555, 2220: 550, 1301: 538, 1940: 535, 1180: 510}
2025-09-02 13:36:40,307 - __main__ - INFO - Classes val  : {2583: 3403, 1560: 1691, 1300: 1682, 2060: 1665, 2522: 1663, 1280: 1623, 2403: 1591, 2280: 1587, 1920: 1434, 1160: 1317, 1320: 1080, 10: 1039, 2705: 921, 1140: 891, 2582: 863, 40: 836, 2585: 832, 1302: 831, 1281: 690, 50: 560, 2462: 474, 2905: 291, 60: 277, 2220: 274, 1301: 269, 1940: 268, 1180: 254}
2025-09-02 13:39:48,280 - __main__ - INFO - Fold 2/3 | train=56611 val=28305
2025-09-02 13:39:48,280 - __main__ - INFO - Classes train: {2583: 6806, 1560: 3382, 1300: 3363, 2060: 3329, 2522: 3326, 1280: 3247, 2403: 3183, 2280: 3174, 1920: 2868, 1160: 2635, 1320: 2161, 10: 2077, 2705: 1841, 1140: 1781, 2582: 1726, 40: 1672, 2585: 1664, 1302: 1661, 1281: 1380, 50: 1120, 2462: 948, 2905: 581, 60: 554, 2220: 549, 1301: 538, 1940: 536, 1180: 509}
2025-09-02 13:39:48,296 - __main__ - INFO - Classes val  : {2583: 3403, 1560: 1691, 1300: 1682, 2060: 1664, 2522: 1663, 1280: 1623, 2403: 1591, 2280: 1586, 1920: 1435, 1160: 1318, 1320: 1080, 10: 1039, 2705: 920, 1140: 890, 2582: 863, 40: 836, 2585: 832, 1302: 830, 1281: 690, 50: 561, 2462: 473, 2905: 291, 60: 278, 2220: 275, 1301: 269, 1940: 267, 1180: 255}
2025-09-02 13:42:28,589 - __main__ - INFO - Fold 3/3 | train=56611 val=28305
2025-09-02 13:42:28,589 - __main__ - INFO - Classes train: {2583: 6806, 1560: 3382, 1300: 3364, 2060: 3329, 2522: 3326, 1280: 3246, 2403: 3182, 2280: 3173, 1920: 2869, 1160: 2635, 1320: 2160, 10: 2078, 2705: 1841, 1140: 1781, 2582: 1726, 40: 1672, 2585: 1664, 1302: 1661, 1281: 1380, 50: 1121, 2462: 947, 2905: 582, 60: 555, 2220: 549, 1301: 538, 1940: 535, 1180: 509}
2025-09-02 13:42:28,589 - __main__ - INFO - Classes val  : {2583: 3403, 1560: 1691, 1300: 1681, 2060: 1664, 2522: 1663, 1280: 1624, 2403: 1592, 2280: 1587, 1920: 1434, 1160: 1318, 1320: 1081, 10: 1038, 2705: 920, 1140: 890, 2582: 863, 40: 836, 2585: 832, 1302: 830, 1281: 690, 50: 560, 2462: 474, 2905: 290, 60: 277, 2220: 275, 1301: 269, 1940: 268, 1180: 255}
2025-09-02 13:44:54,465 - __main__ - INFO - Démarrage validation croisée...
2025-09-02 13:44:54,481 - __main__ - INFO - Fold 1/3 | train=56610 val=28306
2025-09-02 13:44:54,486 - __main__ - INFO - Classes train: {2583: 6806, 1560: 3382, 1300: 3363, 2060: 3328, 2522: 3326, 1280: 3247, 2403: 3183, 2280: 3173, 1920: 2869, 1160: 2636, 1320: 2161, 10: 2077, 2705: 1840, 1140: 1780, 2582: 1726, 40: 1672, 2585: 1664, 1302: 1660, 1281: 1380, 50: 1121, 2462: 947, 2905: 581, 60: 555, 2220: 550, 1301: 538, 1940: 535, 1180: 510}
2025-09-02 13:44:54,488 - __main__ - INFO - Classes val  : {2583: 3403, 1560: 1691, 1300: 1682, 2060: 1665, 2522: 1663, 1280: 1623, 2403: 1591, 2280: 1587, 1920: 1434, 1160: 1317, 1320: 1080, 10: 1039, 2705: 921, 1140: 891, 2582: 863, 40: 836, 2585: 832, 1302: 831, 1281: 690, 50: 560, 2462: 474, 2905: 291, 60: 277, 2220: 274, 1301: 269, 1940: 268, 1180: 254}
2025-09-02 13:44:54,500 - __main__ - INFO - Distribution classes fold 2: prdtypecode
2583    6806
1560    3382
1300    3363
2060    3328
2522    3326
1280    3247
2403    3183
2280    3173
1920    2869
1160    2636
1320    2161
10      2077
2705    1840
1140    1780
2582    1726
40      1672
2585    1664
1302    1660
1281    1380
50      1121
2462     947
2905     581
60       555
2220     550
1301     538
1940     535
1180     510
Name: count, dtype: int64
2025-09-02 13:44:54,501 - __main__ - INFO - Fold 2/3 | train=56611 val=28305
2025-09-02 13:44:54,503 - __main__ - INFO - Classes train: {2583: 6806, 1560: 3382, 1300: 3363, 2060: 3329, 2522: 3326, 1280: 3247, 2403: 3183, 2280: 3174, 1920: 2868, 1160: 2635, 1320: 2161, 10: 2077, 2705: 1841, 1140: 1781, 2582: 1726, 40: 1672, 2585: 1664, 1302: 1661, 1281: 1380, 50: 1120, 2462: 948, 2905: 581, 60: 554, 2220: 549, 1301: 538, 1940: 536, 1180: 509}
2025-09-02 13:44:54,504 - __main__ - INFO - Classes val  : {2583: 3403, 1560: 1691, 1300: 1682, 2060: 1664, 2522: 1663, 1280: 1623, 2403: 1591, 2280: 1586, 1920: 1435, 1160: 1318, 1320: 1080, 10: 1039, 2705: 920, 1140: 890, 2582: 863, 40: 836, 2585: 832, 1302: 830, 1281: 690, 50: 561, 2462: 473, 2905: 291, 60: 278, 2220: 275, 1301: 269, 1940: 267, 1180: 255}
2025-09-02 13:44:54,510 - __main__ - INFO - Distribution classes fold 3: prdtypecode
2583    6806
1560    3382
1300    3363
2060    3329
2522    3326
1280    3247
2403    3183
2280    3174
1920    2868
1160    2635
1320    2161
10      2077
2705    1841
1140    1781
2582    1726
40      1672
2585    1664
1302    1661
1281    1380
50      1120
2462     948
2905     581
60       554
2220     549
1301     538
1940     536
1180     509
Name: count, dtype: int64
2025-09-02 13:44:54,513 - __main__ - INFO - Fold 3/3 | train=56611 val=28305
2025-09-02 13:44:54,514 - __main__ - INFO - Classes train: {2583: 6806, 1560: 3382, 1300: 3364, 2060: 3329, 2522: 3326, 1280: 3246, 2403: 3182, 2280: 3173, 1920: 2869, 1160: 2635, 1320: 2160, 10: 2078, 2705: 1841, 1140: 1781, 2582: 1726, 40: 1672, 2585: 1664, 1302: 1661, 1281: 1380, 50: 1121, 2462: 947, 2905: 582, 60: 555, 2220: 549, 1301: 538, 1940: 535, 1180: 509}
2025-09-02 13:44:54,514 - __main__ - INFO - Classes val  : {2583: 3403, 1560: 1691, 1300: 1681, 2060: 1664, 2522: 1663, 1280: 1624, 2403: 1592, 2280: 1587, 1920: 1434, 1160: 1318, 1320: 1081, 10: 1038, 2705: 920, 1140: 890, 2582: 863, 40: 836, 2585: 832, 1302: 830, 1281: 690, 50: 560, 2462: 474, 2905: 290, 60: 277, 2220: 275, 1301: 269, 1940: 268, 1180: 255}
2025-09-02 13:44:54,518 - __main__ - INFO - Distribution classes fold 4: prdtypecode
2583    6806
1560    3382
1300    3364
2060    3329
2522    3326
1280    3246
2403    3182
2280    3173
1920    2869
1160    2635
1320    2160
10      2078
2705    1841
1140    1781
2582    1726
40      1672
2585    1664
1302    1661
1281    1380
50      1121
2462     947
2905     582
60       555
2220     549
1301     538
1940     535
1180     509
Name: count, dtype: int64
2025-09-02 13:44:54,519 - __main__ - INFO - Exécution diagnostics baseline B3...
2025-09-02 13:44:59,409 - __main__ - INFO - Exécution diagnostics pipeline...
2025-09-02 13:45:00,260 - __main__ - INFO - Classes uniques prédites: [10]
2025-09-02 13:45:01,212 - __main__ - INFO - Probabilité max: 0.037, moyenne: 0.037
2025-09-02 13:45:01,214 - __main__ - INFO - F1-macro sur échantillon: 0.0028
2025-09-02 13:45:01,215 - __main__ - INFO - Diagnostics sauvegardés: results\diagnostics_b3.json
2025-09-02 14:32:01,675 - __main__ - INFO - Évaluation baseline b3...
2025-09-02 14:32:01,675 - models.image_pipeline - INFO - Réduction: PCA (n_components=400, whiten=True, rs=42)
2025-09-02 14:32:01,675 - models.image_pipeline - INFO - Pipeline image créée depuis TOML (train_dir) avec size=(128, 128)
2025-09-02 14:32:01,699 - __main__ - INFO - Fold 1/3 | train=56610 val=28306
2025-09-02 14:32:01,700 - __main__ - INFO - Classes train: {2583: 6806, 1560: 3382, 1300: 3363, 2060: 3328, 2522: 3326, 1280: 3247, 2403: 3183, 2280: 3173, 1920: 2869, 1160: 2636, 1320: 2161, 10: 2077, 2705: 1840, 1140: 1780, 2582: 1726, 40: 1672, 2585: 1664, 1302: 1660, 1281: 1380, 50: 1121, 2462: 947, 2905: 581, 60: 555, 2220: 550, 1301: 538, 1940: 535, 1180: 510}
2025-09-02 14:32:01,701 - __main__ - INFO - Classes val  : {2583: 3403, 1560: 1691, 1300: 1682, 2060: 1665, 2522: 1663, 1280: 1623, 2403: 1591, 2280: 1587, 1920: 1434, 1160: 1317, 1320: 1080, 10: 1039, 2705: 921, 1140: 891, 2582: 863, 40: 836, 2585: 832, 1302: 831, 1281: 690, 50: 560, 2462: 474, 2905: 291, 60: 277, 2220: 274, 1301: 269, 1940: 268, 1180: 254}
2025-09-02 14:33:54,488 - __main__ - INFO - Fold 2/3 | train=56611 val=28305
2025-09-02 14:33:54,497 - __main__ - INFO - Classes train: {2583: 6806, 1560: 3382, 1300: 3363, 2060: 3329, 2522: 3326, 1280: 3247, 2403: 3183, 2280: 3174, 1920: 2868, 1160: 2635, 1320: 2161, 10: 2077, 2705: 1841, 1140: 1781, 2582: 1726, 40: 1672, 2585: 1664, 1302: 1661, 1281: 1380, 50: 1120, 2462: 948, 2905: 581, 60: 554, 2220: 549, 1301: 538, 1940: 536, 1180: 509}
2025-09-02 14:33:54,498 - __main__ - INFO - Classes val  : {2583: 3403, 1560: 1691, 1300: 1682, 2060: 1664, 2522: 1663, 1280: 1623, 2403: 1591, 2280: 1586, 1920: 1435, 1160: 1318, 1320: 1080, 10: 1039, 2705: 920, 1140: 890, 2582: 863, 40: 836, 2585: 832, 1302: 830, 1281: 690, 50: 561, 2462: 473, 2905: 291, 60: 278, 2220: 275, 1301: 269, 1940: 267, 1180: 255}
2025-09-02 14:36:27,486 - __main__ - INFO - Fold 3/3 | train=56611 val=28305
2025-09-02 14:36:27,497 - __main__ - INFO - Classes train: {2583: 6806, 1560: 3382, 1300: 3364, 2060: 3329, 2522: 3326, 1280: 3246, 2403: 3182, 2280: 3173, 1920: 2869, 1160: 2635, 1320: 2160, 10: 2078, 2705: 1841, 1140: 1781, 2582: 1726, 40: 1672, 2585: 1664, 1302: 1661, 1281: 1380, 50: 1121, 2462: 947, 2905: 582, 60: 555, 2220: 549, 1301: 538, 1940: 535, 1180: 509}
2025-09-02 14:36:27,500 - __main__ - INFO - Classes val  : {2583: 3403, 1560: 1691, 1300: 1681, 2060: 1664, 2522: 1663, 1280: 1624, 2403: 1592, 2280: 1587, 1920: 1434, 1160: 1318, 1320: 1081, 10: 1038, 2705: 920, 1140: 890, 2582: 863, 40: 836, 2585: 832, 1302: 830, 1281: 690, 50: 560, 2462: 474, 2905: 290, 60: 277, 2220: 275, 1301: 269, 1940: 268, 1180: 255}
2025-09-02 14:39:14,470 - __main__ - INFO - Démarrage validation croisée...
2025-09-02 14:39:14,487 - __main__ - INFO - Fold 1/3 | train=56610 val=28306
2025-09-02 14:39:14,504 - __main__ - INFO - Classes train: {2583: 6806, 1560: 3382, 1300: 3363, 2060: 3328, 2522: 3326, 1280: 3247, 2403: 3183, 2280: 3173, 1920: 2869, 1160: 2636, 1320: 2161, 10: 2077, 2705: 1840, 1140: 1780, 2582: 1726, 40: 1672, 2585: 1664, 1302: 1660, 1281: 1380, 50: 1121, 2462: 947, 2905: 581, 60: 555, 2220: 550, 1301: 538, 1940: 535, 1180: 510}
2025-09-02 14:39:14,505 - __main__ - INFO - Classes val  : {2583: 3403, 1560: 1691, 1300: 1682, 2060: 1665, 2522: 1663, 1280: 1623, 2403: 1591, 2280: 1587, 1920: 1434, 1160: 1317, 1320: 1080, 10: 1039, 2705: 921, 1140: 891, 2582: 863, 40: 836, 2585: 832, 1302: 831, 1281: 690, 50: 560, 2462: 474, 2905: 291, 60: 277, 2220: 274, 1301: 269, 1940: 268, 1180: 254}
2025-09-02 14:39:14,528 - __main__ - INFO - Distribution classes fold 2: prdtypecode
2583    6806
1560    3382
1300    3363
2060    3328
2522    3326
1280    3247
2403    3183
2280    3173
1920    2869
1160    2636
1320    2161
10      2077
2705    1840
1140    1780
2582    1726
40      1672
2585    1664
1302    1660
1281    1380
50      1121
2462     947
2905     581
60       555
2220     550
1301     538
1940     535
1180     510
Name: count, dtype: int64
2025-09-02 14:39:14,530 - __main__ - INFO - Fold 2/3 | train=56611 val=28305
2025-09-02 14:39:14,532 - __main__ - INFO - Classes train: {2583: 6806, 1560: 3382, 1300: 3363, 2060: 3329, 2522: 3326, 1280: 3247, 2403: 3183, 2280: 3174, 1920: 2868, 1160: 2635, 1320: 2161, 10: 2077, 2705: 1841, 1140: 1781, 2582: 1726, 40: 1672, 2585: 1664, 1302: 1661, 1281: 1380, 50: 1120, 2462: 948, 2905: 581, 60: 554, 2220: 549, 1301: 538, 1940: 536, 1180: 509}
2025-09-02 14:39:14,532 - __main__ - INFO - Classes val  : {2583: 3403, 1560: 1691, 1300: 1682, 2060: 1664, 2522: 1663, 1280: 1623, 2403: 1591, 2280: 1586, 1920: 1435, 1160: 1318, 1320: 1080, 10: 1039, 2705: 920, 1140: 890, 2582: 863, 40: 836, 2585: 832, 1302: 830, 1281: 690, 50: 561, 2462: 473, 2905: 291, 60: 278, 2220: 275, 1301: 269, 1940: 267, 1180: 255}
2025-09-02 14:39:14,544 - __main__ - INFO - Distribution classes fold 3: prdtypecode
2583    6806
1560    3382
1300    3363
2060    3329
2522    3326
1280    3247
2403    3183
2280    3174
1920    2868
1160    2635
1320    2161
10      2077
2705    1841
1140    1781
2582    1726
40      1672
2585    1664
1302    1661
1281    1380
50      1120
2462     948
2905     581
60       554
2220     549
1301     538
1940     536
1180     509
Name: count, dtype: int64
2025-09-02 14:39:14,546 - __main__ - INFO - Fold 3/3 | train=56611 val=28305
2025-09-02 14:39:14,549 - __main__ - INFO - Classes train: {2583: 6806, 1560: 3382, 1300: 3364, 2060: 3329, 2522: 3326, 1280: 3246, 2403: 3182, 2280: 3173, 1920: 2869, 1160: 2635, 1320: 2160, 10: 2078, 2705: 1841, 1140: 1781, 2582: 1726, 40: 1672, 2585: 1664, 1302: 1661, 1281: 1380, 50: 1121, 2462: 947, 2905: 582, 60: 555, 2220: 549, 1301: 538, 1940: 535, 1180: 509}
2025-09-02 14:39:14,551 - __main__ - INFO - Classes val  : {2583: 3403, 1560: 1691, 1300: 1681, 2060: 1664, 2522: 1663, 1280: 1624, 2403: 1592, 2280: 1587, 1920: 1434, 1160: 1318, 1320: 1081, 10: 1038, 2705: 920, 1140: 890, 2582: 863, 40: 836, 2585: 832, 1302: 830, 1281: 690, 50: 560, 2462: 474, 2905: 290, 60: 277, 2220: 275, 1301: 269, 1940: 268, 1180: 255}
2025-09-02 14:39:14,558 - __main__ - INFO - Distribution classes fold 4: prdtypecode
2583    6806
1560    3382
1300    3364
2060    3329
2522    3326
1280    3246
2403    3182
2280    3173
1920    2869
1160    2635
1320    2160
10      2078
2705    1841
1140    1781
2582    1726
40      1672
2585    1664
1302    1661
1281    1380
50      1121
2462     947
2905     582
60       555
2220     549
1301     538
1940     535
1180     509
Name: count, dtype: int64
2025-09-02 14:39:14,560 - __main__ - INFO - Exécution diagnostics baseline B3...
2025-09-02 14:39:24,768 - __main__ - INFO - Diagnostic réduction (B3): {'reducer_name': 'pca', 'reducer_type': 'PCA', 'n_components': 400, 'explained_variance_ratio_sum': nan}
2025-09-02 14:39:24,770 - __main__ - INFO - Exécution diagnostics pipeline...
2025-09-02 14:39:25,041 - __main__ - INFO - Classes uniques prédites: [2583]
2025-09-02 14:39:25,314 - __main__ - INFO - Probabilité max: 0.045, moyenne: 0.037
2025-09-02 14:39:25,314 - __main__ - INFO - F1-macro sur échantillon: 0.0080
2025-09-02 14:39:25,314 - __main__ - INFO - Diagnostics sauvegardés: results\diagnostics_b3.json
